// Jest Snapshot v1, https://goo.gl/fbAQLP

exports[`Button renders Button correctly 1`] = `
<button
  className="Button__ButtonStyled-kr25vp-0 hVIQhu"
/>
`;
